name=Minefield
recordings=1
size=1000,600
time=340
tile(Block,250,450)
tile(Block,150,450)
tile(Block,700,450)
tile(Block,750,450)
tile(Block,800,450)
tile(Button,350,450){
	behaviour=on
	id=0
}
tile(Button,400,450){
	behaviour=on
	id=6
}
tile(Button,450,450){
	behaviour=on
	id=7
}
tile(Button,500,450){
	behaviour=on
	id=8
}
tile(Button,550,450){
	behaviour=on
	id=9
}
tile(Button,600,450){
	behaviour=on
	id=10
}
tile(MovingSpikes,350,500){
	MovingPosCount=1
	disabled=1
	id=0
	loop=0
	t0=10
	x0=0
	y0=-100
}
tile(MovingSpikes,400,500){
	MovingPosCount=1
	disabled=1
	id=6
	loop=0
	t0=10
	x0=0
	y0=-100
}
tile(MovingSpikes,450,500){
	MovingPosCount=1
	disabled=1
	id=7
	loop=0
	t0=10
	x0=0
	y0=-100
}
tile(MovingSpikes,500,500){
	MovingPosCount=1
	disabled=1
	id=8
	loop=0
	t0=10
	x0=0
	y0=-100
}
tile(MovingSpikes,550,500){
	MovingPosCount=1
	disabled=1
	id=9
	loop=0
	t0=10
	x0=0
	y0=-100
}
tile(MovingSpikes,600,500){
	MovingPosCount=1
	disabled=1
	id=10
	loop=0
	t0=10
	x0=0
	y0=-100
}
tile(PlayerStart,200,400)
tile(ShadowStart,150,400)
tile(Block,850,400)
tile(Block,200,450)
tile(Block,850,450)
tile(Block,100,450)
tile(Exit,100,400)
tile(MovingBlock,100,400){
	MovingPosCount=1
	disabled=1
	id=33
	loop=0
	t0=10
	x0=0
	y0=50
}
tile(MovingBlock,100,350){
	MovingPosCount=1
	disabled=1
	id=33
	loop=0
	t0=10
	x0=0
	y0=100
}
tile(Button,850,350){
	behaviour=on
	id=33
}
